// Jest Snapshot v1, https://goo.gl/fbAQLP

exports[`<GameInfo /> should render the heading 1`] = `
.c8 {
  display: inline-block;
  vertical-align: middle;
  overflow: hidden;
}

.c4 {
  position: absolute;
  top: 1.6rem;
  display: flex;
  align-items: center;
  font-weight: 600;
  color: #FAFAFA;
  background-color: #3CD3C1;
  font-size: 1.4rem;
  padding: 0 2.4rem;
  height: 3.6rem;
  right: -2rem;
}

.c4::before {
  position: absolute;
  content: "";
  right: 0;
  border-style: solid;
  border-left-width: 0rem;
  border-right-color: transparent;
  border-bottom-color: transparent;
  border-bottom-width: 1rem;
}

.c4::before {
  border-left-color: #1f8a7d;
  border-top-color: #1f8a7d;
}

.c4::before {
  top: 3.6rem;
  border-top-width: 1rem;
  border-right-width: 2rem;
}

.c2 {
  font-weight: 600;
  color: #030517;
  position: relative;
  margin-bottom: 3.2rem;
  font-size: 2.8rem;
}

.c2::after {
  position: absolute;
  left: 0;
  bottom: -1rem;
  content: "";
  width: 5rem;
  border-bottom: 0.5rem solid #F231A5;
}

.c0 {
  position: relative;
  padding: 2.4rem;
  background-color: white;
}

.c0 .c3 {
  right: -1.5rem;
}

.c0 .c3:before {
  border-right-width: 1.5rem;
}

.c5 {
  color: #8F8F8F;
  font-weight: normal;
  font-size: 1.4rem;
  margin-bottom: 2.4rem;
}

.c6 {
  display: flex;
  flex-direction: column;
  align-items: center;
}

.c6 >button {
  width: 100%;
  margin-bottom: 2.4rem;
}

.c7 {
  display: inline-flex;
  align-items: center;
  justify-content: center;
  background: linear-gradient(189deg, #ff5f5f 0%, #f062c0 50%);
  border-radius: 0.4rem;
  border: 0;
  cursor: pointer;
  color: #FAFAFA;
  padding: 0.8rem;
  text-decoration: none;
  height: 5rem;
  font-size: 1.6rem;
  padding: 0.8rem 4.8rem;
}

.c7:hover {
  background: linear-gradient(180deg, #e35565 0%, #d958a6 50%);
}

.c7 svg {
  width: 1.5rem;
}

.c7 svg+span {
  padding: 0.8rem;
}

@media (min-width: 768px) {
  .c2 {
    font-size: 2.8rem;
  }
}

@media (max-width: 450px) {
  .c0 .c1 {
    font-size: 2.0rem;
  }
}

@media (min-width: 768px) {
  .c0 .c3 {
    right: 2.4rem;
    top: 2.4rem;
    font-size: 1.8rem;
  }

  .c0 .c3:before {
    border: none;
  }
}

@media (min-width: 768px) {
  .c5 {
    max-width: 77rem;
  }
}

@media (min-width: 768px) {
  .c6 {
    flex-direction: row-reverse;
  }

  .c6 >button {
    width: initial;
    margin-bottom: 0;
  }
}

<div
  class="c0"
>
  <h2
    class="c1 c2"
    color="black"
    linecolor="primary"
  >
    Borderlands 3
  </h2>
  <h3
    class="c3 c4"
    color="secondary"
  >
    $215.00
  </h3>
  <h3
    class="c5"
  >
    Experience the epic space strategy games that redefined the RTS genre. Control your fleet and build an armada across more than 30 single-player missions.
  </h3>
  <div
    class="c6"
  >
    <button
      class="c7"
    >
      <svg
        aria-hidden="true"
        aria-label="Add to cart"
        class="c8"
        fill="currentColor"
        focusable="false"
        viewBox="0 0 24 24"
        xmlns="http://www.w3.org/2000/svg"
      >
        <path
          d="M11 9h2V6h3V4h-3V1h-2v3H8v2h3v3zm-4 9c-1.1 0-1.99.9-1.99 2S5.9 22 7 22s2-.9 2-2-.9-2-2-2zm10 0c-1.1 0-1.99.9-1.99 2s.89 2 1.99 2 2-.9 2-2-.9-2-2-2zm-8.9-5h7.45c.75 0 1.41-.41 1.75-1.03l3.86-7.01L19.42 4l-3.87 7H8.53L4.27 2H1v2h2l3.6 7.59-1.35 2.44C4.52 15.37 5.48 17 7 17h12v-2H7l1.1-2z"
        />
      </svg>
      <span>
        Add to cart
      </span>
    </button>
  </div>
</div>
`;
