// Jest Snapshot v1, https://goo.gl/fbAQLP

exports[`<Checkbox /> should render with label 1`] = `
.c0 {
  display: flex;
  align-items: center;
  gap: 0.5rem;
}

.c1 {
  width: 1.9rem;
  height: 1.9rem;
  display: flex;
  align-items: center;
  justify-content: center;
  appearance: none;
  border-radius: 0.2rem;
  border: 0.2rem solid #2E2F42;
  position: relative;
  outline: none;
  transition: background border 0.1s ease-in-out;
}

.c1::before {
  content: "";
  width: 0.6rem;
  height: 0.9rem;
  border: 0.2rem solid #FAFAFA;
  border-top: 0;
  border-left: 0;
  transform: rotate(45deg);
  position: absolute;
  top: 0.1rem;
  opacity: 0;
  transition: 0.1s ease-in-out;
}

.c1:focus {
  box-shadow: 0 0 0.5rem #F231A5;
}

.c1:checked {
  background-color: #F231A5;
  background: #F231A5;
}

.c1:checked::before {
  opacity: 1;
}

.c2 {
  cursor: pointer;
  color: #FAFAFA;
  line-height: 1;
}

<main
  class="c0"
>
  <input
    class="c1"
    id="check"
    type="checkbox"
  />
  <label
    class="c2"
    for="check"
    labelcolor="white"
  >
    checkbox label
  </label>
</main>
`;
