// Jest Snapshot v1, https://goo.gl/fbAQLP

exports[`<TextField /> should return error on input 1`] = `
.c5 {
  display: inline-block;
  vertical-align: middle;
  overflow: hidden;
}

.c0 span,
.c0 .c1 {
  color: #FF6347;
}

.c0 .c3 {
  border-color: #FF6347;
}

.c0 .c3 svg {
  color: #FF6347;
}

.c4 {
  display: flex;
  align-items: center;
  background: #EAEAEA;
  border-radius: 0.2rem;
  padding: 0 1.6rem;
  border: 0.2rem solid;
  border-color: #EAEAEA;
  position: relative;
}

.c4:focus-within {
  box-shadow: 0 0 0.5rem #F231A5;
}

.c4 >svg {
  position: relative;
  display: flex;
  order: 0;
  right: 0.6rem;
  width: 2.2rem;
  color: #8F8F8F;
}

.c6 {
  width: 100%;
  color: #030517;
  font-family: Poppins,-apple-system,BlinkMacSystemFont,'Segoe UI',Roboto,Oxygen,Ubuntu,Cantarell,'Open Sans','Helvetica Neue',sans-serif;
  font-size: 1.4rem;
  padding: 0.8rem 0;
  background: transparent;
  border: 0;
  outline: none;
}

.c2 {
  font-size: 1.4rem;
  color: #FAFAFA;
}

<div
  class="c0"
  error="error"
>
  <label
    class="c1 c2"
    for="email"
    labelcolors="white"
  >
    email
  </label>
  <div
    class="c3 c4"
    iconposition="left"
  >
    <svg
      aria-hidden="true"
      class="c5"
      data-test="icon"
      fill="currentColor"
      focusable="false"
      viewBox="0 0 24 24"
      xmlns="http://www.w3.org/2000/svg"
    >
      <path
        d="M22 6c0-1.1-.9-2-2-2H4c-1.1 0-2 .9-2 2v12c0 1.1.9 2 2 2h16c1.1 0 2-.9 2-2V6zm-2 0-8 5-8-5h16zm0 12H4V8l8 5 8-5v10z"
      />
    </svg>
    <input
      class="c6"
      id="email"
      type="text"
      value=""
    />
  </div>
  <span>
    error
  </span>
</div>
`;
