// Jest Snapshot v1, https://goo.gl/fbAQLP

exports[`<FormSignIn /> should render the form/signin 1`] = `
.c3 {
  display: inline-block;
  vertical-align: middle;
  overflow: hidden;
}

.c2 {
  display: flex;
  align-items: center;
  background: #EAEAEA;
  border-radius: 0.2rem;
  padding: 0 1.6rem;
  border: 0.2rem solid;
  border-color: #EAEAEA;
  position: relative;
}

.c2:focus-within {
  box-shadow: 0 0 0.5rem #F231A5;
}

.c2 >svg {
  position: relative;
  display: flex;
  order: 0;
  right: 0.6rem;
  width: 2.2rem;
  color: #8F8F8F;
}

.c4 {
  width: 100%;
  color: #030517;
  font-family: Poppins,-apple-system,BlinkMacSystemFont,'Segoe UI',Roboto,Oxygen,Ubuntu,Cantarell,'Open Sans','Helvetica Neue',sans-serif;
  font-size: 1.4rem;
  padding: 0.8rem 0;
  background: transparent;
  border: 0;
  outline: none;
}

.c4:-webkit-autofill {
  -webkit-box-shadow: 0 0 0 2.4rem #EAEAEA inset;
  filter: none;
}

.c0 .c1 {
  margin-bottom: 0.8rem;
}

.c0 a {
  text-decoration: none;
}

.c5 {
  display: block;
  text-decoration: none;
  color: #030517;
  font-size: 1.4rem;
  text-align: right;
  margin-bottom: 2.4rem;
}

.c7 {
  margin-top: 1.6rem;
  text-align: center;
}

.c7 >a {
  color: #3CD3C1;
  text-decoration: none;
  border-bottom: 1px solid #3CD3C1;
}

.c7 >a:hover {
  filter: brightness(0.8);
  transition: 0.1s ease-in-out;
}

.c6 {
  display: inline-flex;
  align-items: center;
  justify-content: center;
  background: linear-gradient(189deg, #ff5f5f 0%, #f062c0 50%);
  border-radius: 0.4rem;
  border: 0;
  cursor: pointer;
  color: #FAFAFA;
  padding: 0.8rem;
  text-decoration: none;
  height: 5rem;
  font-size: 1.6rem;
  padding: 0.8rem 4.8rem;
  width: 100%;
}

.c6:hover {
  background: linear-gradient(180deg, #e35565 0%, #d958a6 50%);
}

<main
  class="c0"
>
  <form>
    <div
      class="c1 "
    >
      <div
        class="c2"
        iconposition="left"
      >
        <svg
          aria-hidden="true"
          class="c3"
          fill="currentColor"
          focusable="false"
          viewBox="0 0 24 24"
          xmlns="http://www.w3.org/2000/svg"
        >
          <path
            d="M22 6c0-1.1-.9-2-2-2H4c-1.1 0-2 .9-2 2v12c0 1.1.9 2 2 2h16c1.1 0 2-.9 2-2V6zm-2 0-8 5-8-5h16zm0 12H4V8l8 5 8-5v10z"
          />
        </svg>
        <input
          class="c4"
          name="email"
          placeholder="Email"
          type="email"
          value=""
        />
      </div>
    </div>
    <div
      class="c1 "
    >
      <div
        class="c2"
        iconposition="left"
      >
        <svg
          aria-hidden="true"
          class="c3"
          fill="currentColor"
          focusable="false"
          viewBox="0 0 24 24"
          xmlns="http://www.w3.org/2000/svg"
        >
          <path
            d="M18 8h-1V6c0-2.76-2.24-5-5-5S7 3.24 7 6v2H6c-1.1 0-2 .9-2 2v10c0 1.1.9 2 2 2h12c1.1 0 2-.9 2-2V10c0-1.1-.9-2-2-2zM9 6c0-1.66 1.34-3 3-3s3 1.34 3 3v2H9V6zm9 14H6V10h12v10zm-6-3c1.1 0 2-.9 2-2s-.9-2-2-2-2 .9-2 2 .9 2 2 2z"
          />
        </svg>
        <input
          class="c4"
          name="password"
          placeholder="Password"
          type="password"
          value=""
        />
      </div>
    </div>
    <a
      href="/forgot-password"
    >
      <p
        class="c5"
      >
        Forgot your password?
      </p>
    </a>
    <button
      class="c6"
    >
      <span>
        <span>
          Sign in now
        </span>
      </span>
    </button>
    <div
      class="c7"
    >
      Dont have an account? 
      <a
        href="/signup"
      >
        Sign up
      </a>
    </div>
  </form>
</main>
`;
